// Jest Snapshot v1, https://goo.gl/fbAQLP

exports[`snapshot test testing footer 1`] = `
<div
  className="container__folder"
>
  <div
    className="container__folder-block"
  >
    <img
      alt="failed"
      src="arrows.png"
    />
    <button>
      <div>
        <img
          alt="failed"
          onClick={[Function]}
          src="folder.png"
        />
         
        name
      </div>
    </button>
    <label>
      name
    </label>
  </div>
</div>
`;
